// Jest Snapshot v1, https://goo.gl/fbAQLP

exports[`pruebas en <RealExampleRef /> should mostrarse correctamente 1`] = `
<div>
  <h1>
    RealExampleRef
  </h1>
  <hr />
  <button
    className="btn btn-primary mt-5"
    onClick={[Function]}
  >
    Show/Hide
  </button>
</div>
`;
