// Jest Snapshot v1, https://goo.gl/fbAQLP

exports[`Pruebas sobre <HomeScreen /> should de mostrarse correctamente 1`] = `
<div>
  <h1>
    HomeScreen
  </h1>
  <hr />
  <pre>
    {
    "name": "Borja",
    "email": "borjag90dev@gmail.com"
}
  </pre>
</div>
`;
