// Jest Snapshot v1, https://goo.gl/fbAQLP

exports[`Pruebas en <FirstApp /> debe de hacer match con el snapshot 1`] = `
<div>
  <h2>
    Hola, soy Goku
  </h2>
  <h3>
    No hay subt√≠tulo
  </h3>
  <p>
    Borja Gete
  </p>
</div>
`;
