// Jest Snapshot v1, https://goo.gl/fbAQLP

exports[`Pruebas en <GifExpertApp /> debe de hacer match con el snapshot 1`] = `
<div>
  <h1>
    GifExpertApp
  </h1>
  <form
    aria-label="form"
  >
    <input
      placeholder="Buscar gifs"
      type="text"
      value=""
    />
  </form>
  <div>
    <h2>
       Esta cargando
    </h2>
    <h3>
      OnePunch
    </h3>
    <div
      class="card-grid"
    />
  </div>
</div>
`;
